{"action":"getDocument","messages":[],"modifications":[],"text":"Karin fliegt nach New York . Sie will dort Urlaub machen .","ctime":0,"mtime":0,"info":null,"relations":[[243,"SB",[["Arg1",115],["Arg2",120]]],[257,"MO",[["Arg1",125],["Arg2",120]]],[250,"ROOT",[["Arg1",120],["Arg2",120]]],[271,"NK",[["Arg1",135],["Arg2",125]]],[264,"PNC",[["Arg1",130],["Arg2",135]]],[278,"--",[["Arg1",140],["Arg2",135]]],[285,"SB",[["Arg1",145],["Arg2",150]]],[292,"ROOT",[["Arg1",150],["Arg2",150]]],[313,"OC",[["Arg1",165],["Arg2",150]]],[299,"MO",[["Arg1",155],["Arg2",165]]],[320,"--",[["Arg1",170],["Arg2",165]]],[306,"OA",[["Arg1",160],["Arg2",165]]],[337,"1anaphoric",[["Arg1",337],["Arg2",344]]],[354,"2anaphoric",[["Arg1",354],["Arg2",361]]]],"entities":[[115,"NE",[[0,5]]],[120,"VVFIN",[[6,12]]],[125,"APPR",[[13,17]]],[130,"NE",[[18,21]]],[135,"NE",[[22,26]]],[140,"$.",[[27,28]]],[145,"PPER",[[29,32]]],[150,"VMFIN",[[33,37]]],[155,"ADV",[[38,42]]],[160,"NN",[[43,49]]],[165,"VVINF",[[50,56]]],[170,"$.",[[57,58]]],[337,"nam",[[0,5]]],[354,"nam",[[18,26]]],[344,"pro.per3",[[29,32]]],[344,"pro.per3",[[29,32]]],[361,"adv",[[38,42]]],[361,"adv",[[38,42]]],[175,"Karin",[[0,5]]],[180,"fliegen",[[6,12]]],[185,"nach",[[13,17]]],[190,"--",[[18,21]]],[195,"York",[[22,26]]],[200,"--",[[27,28]]],[205,"sie",[[29,32]]],[210,"wollen",[[33,37]]],[215,"dort",[[38,42]]],[220,"Urlaub",[[43,49]]],[225,"machen",[[50,56]]],[230,"--",[[57,58]]],[327,"PER",[[0,5]]],[332,"LOC",[[18,26]]]],"attributes":[],"equivs":[],"comments":[],"sentence_number_offset":0,"source_files":[],"token_offsets":[[0,5],[6,12],[13,17],[18,21],[22,26],[27,28],[29,32],[33,37],[38,42],[43,49],[50,56],[57,58]],"sentence_offsets":[[0,28],[29,58]]}